// Jest Snapshot v1, https://goo.gl/fbAQLP

exports[`renders correctly 1`] = `
<div
  className="MuiForm_customScrollbars sc-bwzfXH kSxcrS"
>
  <form
    autoComplete="off"
    className="MuiForm sc-htpNat fQHmxG"
    onBlur={[Function]}
    onChange={[Function]}
    onSubmit={[Function]}
    style={
      Object {
        "overflowY": "scroll",
      }
    }
  >
    <div
      className="formSubmitSpacer"
    />
    <div
      className="formSubmit"
    >
      <button
        className=" primary sc-bdVaJa dnAqev"
        disabled={true}
        type="submit"
      >
        <b>
          Save Changes
        </b>
      </button>
    </div>
    <button
      className="clear scrollCue sc-bdVaJa dnAqev"
      onClick={[Function]}
      type="button"
    >
      <b>
        <span
          className="fontIcon icon-carat_down"
        />
      </b>
    </button>
  </form>
</div>
`;
